(0, 0): 1.0 || (0, 0): 1.0 | 
(1, 0): 1.45296631451 || (0, 1): 1.15470053838 | (1, 0): 1.45296631451 | 
(0, 1): 1.56347191994 || (0, 1): 1.56347191994 | (2, 0): 1.48323969742 | 
(1, 1): 0.38490017946 || (2, 0): 0.298142397 | (1, 1): 0.38490017946 | (0, 2): 0.37267799625 | 
(2, 0): 0.298142397 || (2, 0): 0.298142397 | (0, 2): 2.11307264027e-15 | 
(2, 1): 0.172132593165 || (3, 0): 1.66677951295e-15 | (2, 1): 0.172132593165 | (0, 2): 2.26985633625e-15 | 